[0/2] Re-checking globbed directories...
[1/2] Re-running CMake...
-- ccache not found - install with: choco install ccache
cmake : CMake Deprecation Warning at build/_deps/yaml-cpp-src/CMakeLists.txt:2 (cmake_minimum_required):
At line:1 char:1
+ cmake --build build --config Debug > build_output.txt 2>&1
+ ~~~~~~~~~~~~~~~~~~~~~~~~~~~~~~~~~~~~~~~~~~~~~~~~~~~~~~~~~~
    + CategoryInfo          : NotSpecified: (CMake Deprecati...imum_required)::String) [], RemoteException
    + FullyQualifiedErrorId : NativeCommandError
 
  Compatibility with CMake < 3.10 will be removed from a future version of
  CMake.

  Update the VERSION argument <min> value.  Or, use the <min>...<max> syntax
  to tell CMake that the project requires at least <min> but has been updated
  to work with policies introduced by <max> or earlier.


CMake Deprecation Warning at build/_deps/glm-src/CMakeLists.txt:1 (cmake_minimum_required):
  Compatibility with CMake < 3.10 will be removed from a future version of
  CMake.

  Update the VERSION argument <min> value.  Or, use the <min>...<max> syntax
  to tell CMake that the project requires at least <min> but has been updated
  to work with policies introduced by <max> or earlier.


CMake Deprecation Warning at build/_deps/glm-src/CMakeLists.txt:2 (cmake_policy):
  Compatibility with CMake < 3.10 will be removed from a future version of
  CMake.

  Update the VERSION argument <min> value.  Or, use the <min>...<max> syntax
  to tell CMake that the project requires at least <min> but has been updated
  to work with policies introduced by <max> or earlier.


-- GLM: Version 1.0.1
-- GLM: Build with C++ features auto detection
-- Shared libraries disabled
-- compiling zlib from sources
-- Build an import-only version of Assimp.
-- Enabled importer formats: AMF 3DS AC ASE ASSBIN B3D BVH COLLADA DXF CSM HMP IRRMESH IQM IRR LWO LWS M3D MD2 MD3 MD5 MDC MDL NFF NDO OFF OBJ OGRE OPENGEX PLY MS3D COB BLEND IFC XGL FBX Q3D Q3BSP RAW SIB SMD STL TERRAGEN 3D X X3D GLTF 3MF MMD
-- Disabled importer formats:
-- Treating all warnings as errors (for assimp library only)
-- Found a suitable .NET SDK, version 10.0.102
-- Found a suitable .NET runtime, version 10.0.2
-- Loading Raylib from submodule...
-- Testing if -Werror=pointer-arith can be used -- compiles
-- Testing if -Werror=implicit-function-declaration can be used -- compiles
-- Testing if -fno-strict-aliasing can be used -- compiles
-- Using raylib's GLFW
-- Including Win32 support
-- Audio Backend: miniaudio
-- Building raylib static library
-- Generated build type: Release
-- Compiling with the flags:
--   PLATFORM=PLATFORM_DESKTOP
--   GRAPHICS=GRAPHICS_API_OPENGL_43
-- Raylib loaded from submodule
-- Loading GoogleTest from submodule...
-- GoogleTest loaded from submodule
-- Loading EnTT from submodule...
-- EnTT loaded from submodule (header-only)
-- Loading nfd from submodule...
nfd Platform: PLATFORM_WIN32
nfd Compiler: COMPILER_GNU
CMake Warning (dev) at include/nfd/src/CMakeLists.txt:43:
  Syntax Warning in cmake code at column 17

  Argument not separated from preceding token by whitespace.
This warning is for project developers.  Use -Wno-dev to suppress it.

CMake Warning (dev) at include/nfd/src/CMakeLists.txt:43:
  Syntax Warning in cmake code at column 31

  Argument not separated from preceding token by whitespace.
This warning is for project developers.  Use -Wno-dev to suppress it.

-- nfd loaded from submodule
-- Configured Project: Chained Decos (Exe=ChainedDecosGameExe, Output=ChainedDecosGame)
-- Configuring done (0.5s)
CMake Error at engine/graphics/CMakeLists.txt:1 (add_library):
  Cannot find source file:

    raylib_converter.h


CMake Error at engine/graphics/CMakeLists.txt:1 (add_library):
  No SOURCES given to target: engine_graphics


CMake Generate step failed.  Build files cannot be regenerated correctly.
ninja: error: rebuilding 'build.ninja': subcommand failed
FAILED: [code=1] build.ninja D:/gitnext/Chained Decos/build/cmake_install.cmake D:/gitnext/Chained Decos/build/_deps/yaml-cpp-build/cmake_install.cmake D:/gitnext/Chained Decos/build/_deps/glm-build/cmake_install.cmake D:/gitnext/Chained Decos/build/_deps/glm-build/glm/cmake_install.cmake D:/gitnext/Chained Decos/build/_deps/assimp-build/cmake_install.cmake D:/gitnext/Chained Decos/build/_deps/assimp-build/contrib/zlib/cmake_install.cmake D:/gitnext/Chained Decos/build/_deps/assimp-build/code/cmake_install.cmake D:/gitnext/Chained Decos/build/_deps/coral-build/cmake_install.cmake D:/gitnext/Chained Decos/build/include/raylib/cmake_install.cmake D:/gitnext/Chained Decos/build/include/raylib/raylib/cmake_install.cmake D:/gitnext/Chained Decos/build/include/raylib/raylib/external/glfw/cmake_install.cmake D:/gitnext/Chained Decos/build/include/raylib/raylib/external/glfw/src/cmake_install.cmake D:/gitnext/Chained Decos/build/include/googletest/cmake_install.cmake D:/gitnext/Chained Decos/build/include/googletest/googlemock/cmake_install.cmake D:/gitnext/Chained Decos/build/include/googletest/googletest/cmake_install.cmake D:/gitnext/Chained Decos/build/include/nfd/cmake_install.cmake D:/gitnext/Chained Decos/build/include/nfd/src/cmake_install.cmake D:/gitnext/Chained Decos/build/engine/cmake_install.cmake D:/gitnext/Chained Decos/build/engine/core/cmake_install.cmake D:/gitnext/Chained Decos/build/engine/graphics/cmake_install.cmake D:/gitnext/Chained Decos/build/engine/physics/cmake_install.cmake D:/gitnext/Chained Decos/build/engine/audio/cmake_install.cmake D:/gitnext/Chained Decos/build/engine/scene/cmake_install.cmake D:/gitnext/Chained Decos/build/engine/script/cmake_install.cmake D:/gitnext/Chained Decos/build/game/chaineddecos/cmake_install.cmake D:/gitnext/Chained Decos/build/editor/cmake_install.cmake D:/gitnext/Chained Decos/build/runtime/cmake_install.cmake D:/gitnext/Chained Decos/build/tests/cmake_install.cmake D:/gitnext/Chained Decos/build/CTestTestfile.cmake D:/gitnext/Chained Decos/build/_deps/yaml-cpp-build/CTestTestfile.cmake D:/gitnext/Chained Decos/build/_deps/assimp-build/contrib/zlib/CTestTestfile.cmake D:/gitnext/Chained Decos/build/include/raylib/CTestTestfile.cmake D:/gitnext/Chained Decos/build/include/raylib/raylib/CTestTestfile.cmake D:/gitnext/Chained Decos/build/include/googletest/CTestTestfile.cmake D:/gitnext/Chained Decos/build/include/googletest/googlemock/CTestTestfile.cmake D:/gitnext/Chained Decos/build/include/googletest/googletest/CTestTestfile.cmake D:/gitnext/Chained Decos/build/tests/CTestTestfile.cmake 
"C:\Program Files\CMake\bin\cmake.exe" --regenerate-during-build -S"D:\gitnext\Chained Decos" -B"D:\gitnext\Chained Decos\build"
